2026-09-24 01:16:56,112 - INFO - Command invoked: date | arguments: {'command': 'date', 'date': '2017-06-15'}
2026-09-24 01:16:56,201 - INFO - Processed dataset loaded successfully: 40575 rows, 32 columns.
2026-09-24 01:17:18,756 - INFO - Command invoked: date | arguments: {'command': 'date', 'date': '2017-99-50'}
2026-09-24 01:17:18,842 - INFO - Processed dataset loaded successfully: 40575 rows, 32 columns.
2026-09-24 01:17:18,843 - ERROR - Invalid date supplied to date command: 2017-99-50
2026-09-24 01:18:04,467 - INFO - Command invoked: high-traffic | arguments: {'command': 'high-traffic', 'top': 5}
2026-09-24 01:18:04,587 - INFO - Processed dataset loaded successfully: 40575 rows, 32 columns.
2026-09-24 01:18:15,908 - INFO - Command invoked: high-traffic | arguments: {'command': 'high-traffic', 'top': 3}
2026-09-24 01:18:15,991 - INFO - Processed dataset loaded successfully: 40575 rows, 32 columns.
2026-09-24 01:18:24,641 - INFO - Command invoked: high-traffic | arguments: {'command': 'high-traffic', 'top': 0}
2026-09-24 01:18:24,731 - INFO - Processed dataset loaded successfully: 40575 rows, 32 columns.
2026-09-24 01:18:24,731 - ERROR - Invalid --top value for high-traffic: 0
2026-09-24 01:19:09,455 - INFO - Command invoked: compare | arguments: {'command': 'compare'}
2026-09-24 01:19:09,543 - INFO - Processed dataset loaded successfully: 40575 rows, 32 columns.
2026-09-24 01:20:02,585 - INFO - Command invoked: recommend | arguments: {'command': 'recommend', 'start': 6, 'end': 22, 'top': 3}
2026-09-24 01:20:02,786 - INFO - Processed dataset loaded successfully: 40575 rows, 32 columns.
2026-09-24 01:20:11,345 - INFO - Command invoked: recommend | arguments: {'command': 'recommend', 'start': 8, 'end': 18, 'top': 3}
2026-09-24 01:20:11,433 - INFO - Processed dataset loaded successfully: 40575 rows, 32 columns.
2026-09-24 01:20:17,529 - INFO - Command invoked: recommend | arguments: {'command': 'recommend', 'start': 30, 'end': 22, 'top': 3}
2026-09-24 01:20:17,615 - INFO - Processed dataset loaded successfully: 40575 rows, 32 columns.
2026-09-24 01:20:17,616 - ERROR - Invalid hour range for recommend: start=30, end=22
2026-09-24 01:20:23,332 - INFO - Command invoked: recommend | arguments: {'command': 'recommend', 'start': 18, 'end': 8, 'top': 3}
2026-09-24 01:20:23,416 - INFO - Processed dataset loaded successfully: 40575 rows, 32 columns.
2026-09-24 01:20:23,416 - ERROR - Start hour is later than end hour: start=18, end=8
