2026-09-25 03:02:23,663 - INFO - __main__ - Logging configured. Log file: /mnt/c/Users/USER/OneDrive/Documents/GitHub/NUS-AI-ML-smart-city-traffic-capstone-project/part3_machine_learning/logs/task3_neural_network.log
2026-09-25 03:02:23,665 - INFO - __main__ - Task 3 neural-network pipeline started.
2026-09-25 03:02:23,666 - INFO - common - Loading Part 2 engineered traffic dataset from /mnt/c/Users/USER/OneDrive/Documents/GitHub/NUS-AI-ML-smart-city-traffic-capstone-project/part2_python/data/engineered_traffic_data.csv
2026-09-25 03:02:23,769 - INFO - common - Loaded engineered traffic dataset with 40575 rows and 36 columns
2026-09-25 03:02:23,786 - INFO - common - Created Part 3 high-risk proxy: 5605 positive observations (13.81%)
2026-09-25 03:02:23,787 - INFO - __main__ - Prepared Part 3 dataset with 40575 rows and 40 columns.
2026-09-25 03:02:24,244 - INFO - __main__ - TensorFlow GPU devices detected: [PhysicalDevice(name='/physical_device:GPU:0', device_type='GPU')]
2026-09-25 03:02:24,283 - INFO - __main__ - Chronological neural-network split: 32460 training rows, 8115 test rows.
2026-09-25 03:02:24,284 - INFO - __main__ - Training period: 2012-10-02 09:00:00 to 2017-10-26 17:00:00.
2026-09-25 03:02:24,284 - INFO - __main__ - Test period: 2017-10-26 18:00:00 to 2018-09-30 23:00:00.
2026-09-25 03:02:24,285 - INFO - __main__ - Neural-network input shape: train=(32460, 24), test=(8115, 24).
2026-09-25 03:05:18,115 - INFO - __main__ - Logging configured. Log file: /mnt/c/Users/USER/OneDrive/Documents/GitHub/NUS-AI-ML-smart-city-traffic-capstone-project/part3_machine_learning/logs/task3_neural_network.log
2026-09-25 03:05:18,116 - INFO - __main__ - Task 3 neural-network pipeline started.
2026-09-25 03:05:18,117 - INFO - common - Loading Part 2 engineered traffic dataset from /mnt/c/Users/USER/OneDrive/Documents/GitHub/NUS-AI-ML-smart-city-traffic-capstone-project/part2_python/data/engineered_traffic_data.csv
2026-09-25 03:05:18,216 - INFO - common - Loaded engineered traffic dataset with 40575 rows and 36 columns
2026-09-25 03:05:18,232 - INFO - common - Created Part 3 high-risk proxy: 5605 positive observations (13.81%)
2026-09-25 03:05:18,233 - INFO - __main__ - Prepared Part 3 dataset with 40575 rows and 40 columns.
2026-09-25 03:05:18,636 - INFO - __main__ - TensorFlow GPU devices detected: [PhysicalDevice(name='/physical_device:GPU:0', device_type='GPU')]
2026-09-25 03:05:18,673 - INFO - __main__ - Chronological neural-network split: 32460 training rows, 8115 test rows.
2026-09-25 03:05:18,673 - INFO - __main__ - Training period: 2012-10-02 09:00:00 to 2017-10-26 17:00:00.
2026-09-25 03:05:18,673 - INFO - __main__ - Test period: 2017-10-26 18:00:00 to 2018-09-30 23:00:00.
2026-09-25 03:05:18,674 - INFO - __main__ - Neural-network input shape: train=(32460, 24), test=(8115, 24).
2026-09-25 03:05:19,613 - INFO - __main__ - Built neural network with input dimension 24, hidden layers 64 and 32.
2026-09-25 03:05:42,162 - INFO - __main__ - Neural-network training completed after 30 epochs.
2026-09-25 03:05:42,163 - INFO - __main__ - Final training MAE: 418.91; validation MAE: 443.00.
2026-09-25 03:08:03,124 - INFO - __main__ - Logging configured. Log file: /mnt/c/Users/USER/OneDrive/Documents/GitHub/NUS-AI-ML-smart-city-traffic-capstone-project/part3_machine_learning/logs/task3_neural_network.log
2026-09-25 03:08:03,126 - INFO - __main__ - Task 3 neural-network pipeline started.
2026-09-25 03:08:03,126 - INFO - common - Loading Part 2 engineered traffic dataset from /mnt/c/Users/USER/OneDrive/Documents/GitHub/NUS-AI-ML-smart-city-traffic-capstone-project/part2_python/data/engineered_traffic_data.csv
2026-09-25 03:08:03,229 - INFO - common - Loaded engineered traffic dataset with 40575 rows and 36 columns
2026-09-25 03:08:03,246 - INFO - common - Created Part 3 high-risk proxy: 5605 positive observations (13.81%)
2026-09-25 03:08:03,247 - INFO - __main__ - Prepared Part 3 dataset with 40575 rows and 40 columns.
2026-09-25 03:08:03,655 - INFO - __main__ - TensorFlow GPU devices detected: [PhysicalDevice(name='/physical_device:GPU:0', device_type='GPU')]
2026-09-25 03:08:03,690 - INFO - __main__ - Chronological neural-network split: 32460 training rows, 8115 test rows.
2026-09-25 03:08:03,691 - INFO - __main__ - Training period: 2012-10-02 09:00:00 to 2017-10-26 17:00:00.
2026-09-25 03:08:03,692 - INFO - __main__ - Test period: 2017-10-26 18:00:00 to 2018-09-30 23:00:00.
2026-09-25 03:08:03,692 - INFO - __main__ - Neural-network input shape: train=(32460, 24), test=(8115, 24).
2026-09-25 03:08:04,585 - INFO - __main__ - Built neural network with input dimension 24, hidden layers 64 and 32.
2026-09-25 03:08:28,192 - INFO - __main__ - Neural-network training completed after 30 epochs.
2026-09-25 03:08:28,192 - INFO - __main__ - Final training MAE: 476.56; validation MAE: 507.83.
2026-09-25 03:08:28,957 - INFO - __main__ - Neural-network test results: MAE=512.83, R2=0.8653.
2026-09-25 03:08:28,961 - INFO - __main__ - Saved neural-network results to /mnt/c/Users/USER/OneDrive/Documents/GitHub/NUS-AI-ML-smart-city-traffic-capstone-project/part3_machine_learning/results/neural_network_results.csv.
2026-09-25 03:12:09,111 - INFO - __main__ - Logging configured. Log file: /mnt/c/Users/USER/OneDrive/Documents/GitHub/NUS-AI-ML-smart-city-traffic-capstone-project/part3_machine_learning/logs/task3_neural_network.log
2026-09-25 03:12:09,113 - INFO - __main__ - Task 3 neural-network pipeline started.
2026-09-25 03:12:09,113 - INFO - common - Loading Part 2 engineered traffic dataset from /mnt/c/Users/USER/OneDrive/Documents/GitHub/NUS-AI-ML-smart-city-traffic-capstone-project/part2_python/data/engineered_traffic_data.csv
2026-09-25 03:12:09,218 - INFO - common - Loaded engineered traffic dataset with 40575 rows and 36 columns
2026-09-25 03:12:09,234 - INFO - common - Created Part 3 high-risk proxy: 5605 positive observations (13.81%)
2026-09-25 03:12:09,235 - INFO - __main__ - Prepared Part 3 dataset with 40575 rows and 40 columns.
2026-09-25 03:12:09,626 - INFO - __main__ - TensorFlow GPU devices detected: [PhysicalDevice(name='/physical_device:GPU:0', device_type='GPU')]
2026-09-25 03:12:09,662 - INFO - __main__ - Chronological neural-network split: 32460 training rows, 8115 test rows.
2026-09-25 03:12:09,663 - INFO - __main__ - Training period: 2012-10-02 09:00:00 to 2017-10-26 17:00:00.
2026-09-25 03:12:09,664 - INFO - __main__ - Test period: 2017-10-26 18:00:00 to 2018-09-30 23:00:00.
2026-09-25 03:12:09,665 - INFO - __main__ - Neural-network input shape: train=(32460, 24), test=(8115, 24).
2026-09-25 03:12:10,584 - INFO - __main__ - Built neural network with input dimension 24, hidden layers 64 and 32.
2026-09-25 03:12:33,472 - INFO - __main__ - Neural-network training completed after 30 epochs.
2026-09-25 03:12:33,472 - INFO - __main__ - Final training MAE: 441.28; validation MAE: 472.22.
2026-09-25 03:12:34,228 - INFO - __main__ - Neural-network test results: MAE=475.36, R2=0.8858.
2026-09-25 03:12:34,232 - INFO - __main__ - Saved neural-network results to /mnt/c/Users/USER/OneDrive/Documents/GitHub/NUS-AI-ML-smart-city-traffic-capstone-project/part3_machine_learning/results/neural_network_results.csv.
2026-09-25 03:12:34,256 - INFO - __main__ - Saved neural-network model to /mnt/c/Users/USER/OneDrive/Documents/GitHub/NUS-AI-ML-smart-city-traffic-capstone-project/part3_machine_learning/2_models/traffic_volume_neural_network.keras.
2026-09-25 03:17:42,235 - INFO - __main__ - Logging configured. Log file: /mnt/c/Users/USER/OneDrive/Documents/GitHub/NUS-AI-ML-smart-city-traffic-capstone-project/part3_machine_learning/logs/task3_neural_network.log
2026-09-25 03:17:42,239 - INFO - __main__ - Task 3 neural-network pipeline started.
2026-09-25 03:17:42,239 - INFO - common - Loading Part 2 engineered traffic dataset from /mnt/c/Users/USER/OneDrive/Documents/GitHub/NUS-AI-ML-smart-city-traffic-capstone-project/part2_python/data/engineered_traffic_data.csv
2026-09-25 03:17:42,346 - INFO - common - Loaded engineered traffic dataset with 40575 rows and 36 columns
2026-09-25 03:17:42,362 - INFO - common - Created Part 3 high-risk proxy: 5605 positive observations (13.81%)
2026-09-25 03:17:42,363 - INFO - __main__ - Prepared Part 3 dataset with 40575 rows and 40 columns.
2026-09-25 03:17:42,750 - INFO - __main__ - TensorFlow GPU devices detected: [PhysicalDevice(name='/physical_device:GPU:0', device_type='GPU')]
2026-09-25 03:17:42,785 - INFO - __main__ - Chronological neural-network split: 32460 training rows, 8115 test rows.
2026-09-25 03:17:42,786 - INFO - __main__ - Training period: 2012-10-02 09:00:00 to 2017-10-26 17:00:00.
2026-09-25 03:17:42,787 - INFO - __main__ - Test period: 2017-10-26 18:00:00 to 2018-09-30 23:00:00.
2026-09-25 03:17:42,787 - INFO - __main__ - Neural-network input shape: train=(32460, 24), test=(8115, 24).
2026-09-25 03:17:43,692 - INFO - __main__ - Built neural network with input dimension 24, hidden layers 64 and 32.
2026-09-25 03:18:06,208 - INFO - __main__ - Neural-network training completed after 30 epochs.
2026-09-25 03:18:06,209 - INFO - __main__ - Final training MAE: 477.08; validation MAE: 506.82.
2026-09-25 03:18:06,962 - INFO - __main__ - Neural-network test results: MAE=511.46, R2=0.8651.
2026-09-25 03:18:06,967 - INFO - __main__ - Saved neural-network results to /mnt/c/Users/USER/OneDrive/Documents/GitHub/NUS-AI-ML-smart-city-traffic-capstone-project/part3_machine_learning/results/neural_network_results.csv.
2026-09-25 03:18:06,996 - INFO - __main__ - Saved neural-network model to /mnt/c/Users/USER/OneDrive/Documents/GitHub/NUS-AI-ML-smart-city-traffic-capstone-project/part3_machine_learning/2_models/traffic_volume_neural_network.keras.
2026-09-25 03:18:06,997 - INFO - __main__ - Loading comparable Random Forest regressor for SHAP explainability.
2026-09-25 03:18:08,986 - INFO - __main__ - Running SHAP TreeExplainer on 200 test observations.
2026-09-25 03:19:28,303 - INFO - __main__ - Saved SHAP feature importance to /mnt/c/Users/USER/OneDrive/Documents/GitHub/NUS-AI-ML-smart-city-traffic-capstone-project/part3_machine_learning/results/shap_feature_importance.csv.
2026-09-25 03:19:28,303 - INFO - __main__ - Top five SHAP features: ['hour_cos', 'hour_sin', 'day_of_week_sin', 'is_weekend', 'day_of_week_cos']
